******************************************************************************
                  TI ARM Linker PC v18.9.0                     
******************************************************************************
>> Linked Tue Nov 27 11:57:26 2018

OUTPUT FILE NAME:   <Powerboard.out>
ENTRY POINT SYMBOL: "_c_int00"  address: 00000020


MEMORY CONFIGURATION

         name            origin    length      used     unused   attr    fill
----------------------  --------  ---------  --------  --------  ----  --------
  RAM                   00000020   ffffffe0  000008ba  fffff726  RWIX


SEGMENT ALLOCATION MAP

run origin  load origin   length   init length attrs members
----------  ----------- ---------- ----------- ----- -------
00000020    00000020    000000ba   000000ba    r-x
  00000020    00000020    000000ba   000000ba    r-x .text
000000e0    000000e0    00000800   00000000    rw-
  000000e0    000000e0    00000800   00000000    rw- .stack


SECTION ALLOCATION MAP

 output                                  attributes/
section   page    origin      length       input sections
--------  ----  ----------  ----------   ----------------
.text      0    00000020    000000ba     
                  00000020    00000054     rtsv7R4_T_be_v3D16_eabi.lib : boot_non_cortex_m.asm.obj (.text)
                  00000074    00000044                                 : autoinit.c.obj (.text:__TI_auto_init_nobinit_nopinit:__TI_auto_init_nobinit_nopinit)
                  000000b8    00000018                                 : args_main.c.obj (.text:_args_main)
                  000000d0    00000004                                 : pre_init.c.obj (.text:_system_pre_init)
                  000000d4    00000004                                 : exit.c.obj (.text:abort:abort)
                  000000d8    00000002                                 : mpu_init.c.obj (.text:__mpu_init)

.init_array 
*          0    00000020    00000000     UNINITIALIZED

.stack     0    000000e0    00000800     UNINITIALIZED
                  000000e0    00000800     --HOLE--

MODULE SUMMARY

       Module                      code   ro data   rw data
       ------                      ----   -------   -------
    C:/ti/ccsv8/tools/compiler/ti-cgt-arm_18.9.0.STS/lib/rtsv7R4_T_be_v3D16_eabi.lib
       boot_non_cortex_m.asm.obj   84     0         0      
       autoinit.c.obj              68     0         0      
       args_main.c.obj             24     0         0      
       exit.c.obj                  4      0         0      
       pre_init.c.obj              4      0         0      
       mpu_init.c.obj              2      0         0      
    +--+---------------------------+------+---------+---------+
       Total:                      186    0         0      
                                                           
       Stack:                      0      0         2048   
    +--+---------------------------+------+---------+---------+
       Grand Total:                186    0         2048   


GLOBAL SYMBOLS: SORTED ALPHABETICALLY BY Name 

address   name                          
-------   ----                          
000000d5  C$$EXIT                       
000008e0  __STACK_END                   
00000800  __STACK_SIZE                  
UNDEFED   __TI_CINIT_Base               
UNDEFED   __TI_CINIT_Limit              
UNDEFED   __TI_Handler_Table_Base       
UNDEFED   __TI_Handler_Table_Limit      
00000075  __TI_auto_init_nobinit_nopinit
ffffffff  __TI_pprof_out_hndl           
ffffffff  __TI_prof_data_size           
ffffffff  __TI_prof_data_start          
00000020  __TI_static_base__            
ffffffff  __binit__                     
ffffffff  __c_args__                    
000000d9  __mpu_init                    
000000e0  __stack                       
000000b9  _args_main                    
00000020  _c_int00                      
UNDEFED   _system_post_cinit            
000000d1  _system_pre_init              
000000d5  abort                         
ffffffff  binit                         
UNDEFED   main                          


GLOBAL SYMBOLS: SORTED BY Symbol Address 

address   name                          
-------   ----                          
00000020  __TI_static_base__            
00000020  _c_int00                      
00000075  __TI_auto_init_nobinit_nopinit
000000b9  _args_main                    
000000d1  _system_pre_init              
000000d5  C$$EXIT                       
000000d5  abort                         
000000d9  __mpu_init                    
000000e0  __stack                       
00000800  __STACK_SIZE                  
000008e0  __STACK_END                   
ffffffff  __TI_pprof_out_hndl           
ffffffff  __TI_prof_data_size           
ffffffff  __TI_prof_data_start          
ffffffff  __binit__                     
ffffffff  __c_args__                    
ffffffff  binit                         
UNDEFED   __TI_CINIT_Base               
UNDEFED   __TI_CINIT_Limit              
UNDEFED   __TI_Handler_Table_Base       
UNDEFED   __TI_Handler_Table_Limit      
UNDEFED   _system_post_cinit            
UNDEFED   main                          

[23 symbols]
